Dart繝・せ繝磯幕蟋・..
=== 蠎ｧ讓吝､画鋤繝・せ繝磯幕蟋・===
繝・せ繝亥ｺｧ讓・ 邱ｯ蠎ｦ=33.938994976060606, 邨悟ｺｦ=135.94809600530303
菴ｿ逕ｨ蠎ｧ讓咏ｳｻ: JGD2011 / Japan Plane Rectangular CS VI (EPSG:6674)
繧ｰ繝ｪ繝・ラ蜿取據隗定ｨ育ｮ・ 荳ｭ螟ｮ蟄仙壕邱・136.0ﾂｰ, ﾎ釆ｻ=-0.05190399469697126ﾂｰ, ﾏ・33.938994976060606ﾂｰ
邵ｮ蟆ｺ菫よ焚險育ｮ・ k0=0.9999, ﾏ・33.938994976060606ﾂｰ, ﾎ釆ｻ=-0.05190399469697126ﾂｰ

=== 險育ｮ礼ｵ先棡 ===
逵溷圏譁ｹ蜷題ｧ・ -0.028978513 蠎ｦ
逵溷圏譁ｹ蜷題ｧ・ -0.000505770 繝ｩ繧ｸ繧｢繝ｳ
邵ｮ蟆ｺ菫よ焚: 0.99990028

=== 蝗ｽ蝨溷慍逅・劼縺ｨ縺ｮ豈碑ｼ・===
蝗ｽ蝨溷慍逅・劼邨先棡:
逵溷圏譁ｹ蜷題ｧ・ 0.028977778 蠎ｦ
邵ｮ蟆ｺ菫よ焚: 0.99990028

=== 蟾ｮ逡ｰ險育ｮ・===
逵溷圏譁ｹ蜷題ｧ貞ｷｮ: -0.057956291 蠎ｦ
邵ｮ蟆ｺ菫よ焚蟾ｮ: 0.00000000

=== 繝・せ繝亥ｮ御ｺ・===
Dart繝・せ繝育ｵゆｺ・
